#
# There is insufficient memory for the Java Runtime Environment to continue.
# Native memory allocation (mmap) failed to map 67108864 bytes for G1 virtual space
# Possible reasons:
#   The system is out of physical RAM or swap space
#   The process is running with CompressedOops enabled, and the Java Heap may be blocking the growth of the native heap
# Possible solutions:
#   Reduce memory load on the system
#   Increase physical memory or swap space
#   Check if swap backing store is full
#   Decrease Java heap size (-Xmx/-Xms)
#   Decrease number of Java threads
#   Decrease Java thread stack sizes (-Xss)
#   Set larger code cache with -XX:ReservedCodeCacheSize=
#   JVM is running with Unscaled Compressed Oops mode in which the Java heap is
#     placed in the first 4GB address space. The Java Heap base address is the
#     maximum limit for the native heap growth. Please use -XX:HeapBaseMinAddress
#     to set the Java Heap base and to place the Java Heap above 4GB virtual address.
# This output file may be truncated or incomplete.
#
#  Out of Memory Error (os_windows.cpp:3551), pid=26292, tid=36152
#
# JRE version:  (17.0.16+12) (build )
# Java VM: Java HotSpot(TM) 64-Bit Server VM (17.0.16+12-LTS-247, mixed mode, sharing, tiered, compressed oops, compressed class ptrs, g1 gc, windows-amd64)
# No core dump will be written. Minidumps are not enabled by default on client versions of Windows
#

---------------  S U M M A R Y ------------

Command Line: -Xmx64m -Xms64m -Dorg.gradle.appname=gradlew E:\Sidhu\Play Console Apps\ZenYoga\android\\gradle\wrapper\gradle-wrapper.jar app:installDebug -PreactNativeDevServerPort=8081

Host: Intel(R) Core(TM) i5-10300H CPU @ 2.50GHz, 8 cores, 15G,  Windows 11 , 64 bit Build 26100 (10.0.26100.6725)
Time: Tue Feb 10 19:28:05 2026 India Standard Time elapsed time: 3.321365 seconds (0d 0h 0m 3s)

---------------  T H R E A D  ---------------

Current thread (0x000001eda7a77a20):  JavaThread "Unknown thread" [_thread_in_vm, id=36152, stack(0x0000009c1ef00000,0x0000009c1f000000)]

Stack: [0x0000009c1ef00000,0x0000009c1f000000]
Native frames: (J=compiled Java code, j=interpreted, Vv=VM code, C=native code)
V  [jvm.dll+0x67a46a]
V  [jvm.dll+0x7da77d]
V  [jvm.dll+0x7dc0c3]
V  [jvm.dll+0x7dc733]
V  [jvm.dll+0x24523f]
V  [jvm.dll+0x677499]
V  [jvm.dll+0x66c122]
V  [jvm.dll+0x302156]
V  [jvm.dll+0x3096f6]
V  [jvm.dll+0x35a04e]
V  [jvm.dll+0x35a27f]
V  [jvm.dll+0x2d9228]
V  [jvm.dll+0x2da194]
V  [jvm.dll+0x7acf61]
V  [jvm.dll+0x3678b1]
V  [jvm.dll+0x78bf39]
V  [jvm.dll+0x3ecc6e]
V  [jvm.dll+0x3ee8a1]
C  [jli.dll+0x5297]
C  [ucrtbase.dll+0x37b0]
C  [KERNEL32.DLL+0x2e8d7]
C  [ntdll.dll+0x8c53c]


---------------  P R O C E S S  ---------------

Threads class SMR info:
_java_thread_list=0x00007ff910968a18, length=0, elements={
}

Java Threads: ( => current thread )

Other Threads:
  0x000001eda7a97490 GCTaskThread "GC Thread#0" [stack: 0x0000009c1f000000,0x0000009c1f100000] [id=5348]
  0x000001eda7a9cf90 ConcurrentGCThread "G1 Main Marker" [stack: 0x0000009c1f100000,0x0000009c1f200000] [id=10516]
  0x000001eda7a9d8b0 ConcurrentGCThread "G1 Conc#0" [stack: 0x0000009c1f200000,0x0000009c1f300000] [id=35068]

[error occurred during error reporting (printing all threads), id 0xc0000005, EXCEPTION_ACCESS_VIOLATION (0xc0000005) at pc=0x00007ff910199d17]

VM state: not at safepoint (not fully initialized)

VM Mutex/Monitor currently owned by a thread:  ([mutex/lock_event])
[0x000001eda7a767b0] Heap_lock - owner thread: 0x000001eda7a77a20

Heap address: 0x00000000fc000000, size: 64 MB, Compressed Oops mode: 32-bit

CDS archive(s) mapped at: [0x0000000000000000-0x0000000000000000-0x0000000000000000), size 0, SharedBaseAddress: 0x0000000800000000, ArchiveRelocationMode: 1.
Narrow klass base: 0x0000000000000000, Narrow klass shift: 0, Narrow klass range: 0x0

GC Precious Log:
<Empty>

Heap:
 garbage-first heap   total 0K, used 0K [0x00000000fc000000, 0x0000000100000000)
  region size 1024K, 0 young (0K), 0 survivors (0K)

[error occurred during error reporting (printing heap information), id 0xc0000005, EXCEPTION_ACCESS_VIOLATION (0xc0000005) at pc=0x00007ff910583c09]

GC Heap History (0 events):
No events

Deoptimization events (0 events):
No events

Classes unloaded (0 events):
No events

Classes redefined (0 events):
No events

Internal exceptions (0 events):
No events

VM Operations (0 events):
No events

Events (1 events):
Event: 0.039 Loaded shared library C:\Program Files\Java\jdk-17\bin\java.dll


Dynamic libraries:
0x00007ff7d7e60000 - 0x00007ff7d7e70000 	C:\Program Files\Java\jdk-17\bin\java.exe
0x00007ff9b5780000 - 0x00007ff9b59e8000 	C:\WINDOWS\SYSTEM32\ntdll.dll
0x00007ff9b3a30000 - 0x00007ff9b3af9000 	C:\WINDOWS\System32\KERNEL32.DLL
0x00007ff9b29c0000 - 0x00007ff9b2db2000 	C:\WINDOWS\System32\KERNELBASE.dll
0x00007ff9ae8c0000 - 0x00007ff9ae95f000 	C:\WINDOWS\SYSTEM32\apphelp.dll
0x00007ff9b3250000 - 0x00007ff9b339b000 	C:\WINDOWS\System32\ucrtbase.dll
0x00007ff9a3a10000 - 0x00007ff9a3a29000 	C:\Program Files\Java\jdk-17\bin\jli.dll
0x00007ff99c860000 - 0x00007ff99c87b000 	C:\Program Files\Java\jdk-17\bin\VCRUNTIME140.dll
0x00007ff9b4b10000 - 0x00007ff9b4bc4000 	C:\WINDOWS\System32\ADVAPI32.dll
0x00007ff9b3820000 - 0x00007ff9b38c9000 	C:\WINDOWS\System32\msvcrt.dll
0x00007ff9b3da0000 - 0x00007ff9b3e46000 	C:\WINDOWS\System32\sechost.dll
0x00007ff9b5510000 - 0x00007ff9b5628000 	C:\WINDOWS\System32\RPCRT4.dll
0x00007ff9b5070000 - 0x00007ff9b5235000 	C:\WINDOWS\System32\USER32.dll
0x00007ff9b33a0000 - 0x00007ff9b33c7000 	C:\WINDOWS\System32\win32u.dll
0x00007ff9b1bb0000 - 0x00007ff9b1e43000 	C:\WINDOWS\WinSxS\amd64_microsoft.windows.common-controls_6595b64144ccf1df_6.0.26100.6725_none_3e085828e334708b\COMCTL32.dll
0x00007ff9b5680000 - 0x00007ff9b56ab000 	C:\WINDOWS\System32\GDI32.dll
0x00007ff9b2e50000 - 0x00007ff9b2f7d000 	C:\WINDOWS\System32\gdi32full.dll
0x00007ff9b2910000 - 0x00007ff9b29b3000 	C:\WINDOWS\System32\msvcp_win.dll
0x00007ff9ab080000 - 0x00007ff9ab08b000 	C:\WINDOWS\SYSTEM32\VERSION.dll
0x00007ff9b3b00000 - 0x00007ff9b3b2f000 	C:\WINDOWS\System32\IMM32.DLL
0x00007ff9a3a00000 - 0x00007ff9a3a0c000 	C:\Program Files\Java\jdk-17\bin\vcruntime140_1.dll
0x00007ff9601c0000 - 0x00007ff96024e000 	C:\Program Files\Java\jdk-17\bin\msvcp140.dll
0x00007ff90feb0000 - 0x00007ff910a91000 	C:\Program Files\Java\jdk-17\bin\server\jvm.dll
0x00007ff9b56b0000 - 0x00007ff9b56b8000 	C:\WINDOWS\System32\PSAPI.DLL
0x00007ff99c8c0000 - 0x00007ff99c8f5000 	C:\WINDOWS\SYSTEM32\WINMM.dll
0x00007ff9acbb0000 - 0x00007ff9acbba000 	C:\WINDOWS\SYSTEM32\WSOCK32.dll
0x00007ff9b56c0000 - 0x00007ff9b5734000 	C:\WINDOWS\System32\WS2_32.dll
0x00007ff9b0e00000 - 0x00007ff9b0e1b000 	C:\WINDOWS\SYSTEM32\kernel.appcore.dll
0x00007ff9a3770000 - 0x00007ff9a377a000 	C:\Program Files\Java\jdk-17\bin\jimage.dll
0x00007ff9b2210000 - 0x00007ff9b2452000 	C:\WINDOWS\SYSTEM32\DBGHELP.DLL
0x00007ff9b4cf0000 - 0x00007ff9b506b000 	C:\WINDOWS\System32\combase.dll
0x00007ff9b5240000 - 0x00007ff9b5317000 	C:\WINDOWS\System32\OLEAUT32.dll
0x00007ff9b2070000 - 0x00007ff9b20ac000 	C:\WINDOWS\SYSTEM32\dbgcore.DLL
0x00007ff9b31b0000 - 0x00007ff9b3248000 	C:\WINDOWS\System32\bcryptPrimitives.dll
0x00007ff995670000 - 0x00007ff995695000 	C:\Program Files\Java\jdk-17\bin\java.dll

dbghelp: loaded successfully - version: 4.0.5 - missing functions: none
symbol engine: initialized successfully - sym options: 0x614 - pdb path: .;C:\Program Files\Java\jdk-17\bin;C:\WINDOWS\SYSTEM32;C:\WINDOWS\WinSxS\amd64_microsoft.windows.common-controls_6595b64144ccf1df_6.0.26100.6725_none_3e085828e334708b;C:\Program Files\Java\jdk-17\bin\server

VM Arguments:
jvm_args: -Xmx64m -Xms64m -Dorg.gradle.appname=gradlew 
java_command: E:\Sidhu\Play Console Apps\ZenYoga\android\\gradle\wrapper\gradle-wrapper.jar app:installDebug -PreactNativeDevServerPort=8081
java_class_path (initial): E:\Sidhu\Play Console Apps\ZenYoga\android\\gradle\wrapper\gradle-wrapper.jar
Launcher Type: SUN_STANDARD

[Global flags]
     intx CICompilerCount                          = 4                                         {product} {ergonomic}
     uint ConcGCThreads                            = 2                                         {product} {ergonomic}
     uint G1ConcRefinementThreads                  = 8                                         {product} {ergonomic}
   size_t G1HeapRegionSize                         = 1048576                                   {product} {ergonomic}
    uintx GCDrainStackTargetSize                   = 64                                        {product} {ergonomic}
   size_t InitialHeapSize                          = 67108864                                  {product} {command line}
   size_t MarkStackSize                            = 4194304                                   {product} {ergonomic}
   size_t MaxHeapSize                              = 67108864                                  {product} {command line}
   size_t MinHeapDeltaBytes                        = 1048576                                   {product} {ergonomic}
   size_t MinHeapSize                              = 67108864                                  {product} {command line}
    uintx NonNMethodCodeHeapSize                   = 5839372                                {pd product} {ergonomic}
    uintx NonProfiledCodeHeapSize                  = 122909434                              {pd product} {ergonomic}
    uintx ProfiledCodeHeapSize                     = 122909434                              {pd product} {ergonomic}
    uintx ReservedCodeCacheSize                    = 251658240                              {pd product} {ergonomic}
     bool SegmentedCodeCache                       = true                                      {product} {ergonomic}
   size_t SoftMaxHeapSize                          = 67108864                               {manageable} {ergonomic}
     bool UseCompressedClassPointers               = true                           {product lp64_product} {ergonomic}
     bool UseCompressedOops                        = true                           {product lp64_product} {ergonomic}
     bool UseG1GC                                  = true                                      {product} {ergonomic}
     bool UseLargePagesIndividualAllocation        = false                                  {pd product} {ergonomic}

Logging:
Log output configuration:
 #0: stdout all=warning uptime,level,tags
 #1: stderr all=off uptime,level,tags

Environment Variables:
JAVA_HOME=C:\Program Files\Java\jdk-17
PATH=E:\Sidhu\Play Console Apps\ZenYoga\node_modules\.bin;E:\Sidhu\Play Console Apps\ZenYoga\node_modules\.bin;E:\Sidhu\Play Console Apps\node_modules\.bin;E:\Sidhu\node_modules\.bin;E:\node_modules\.bin;C:\Users\Siddh\AppData\Local\nvm\v20.19.4\node_modules\npm\node_modules\@npmcli\run-script\lib\node-gyp-bin;C:\Program Files\PowerShell\7;C:\WINDOWS\system32;C:\WINDOWS;C:\WINDOWS\System32\Wbem;C:\WINDOWS\System32\WindowsPowerShell\v1.0\;C:\WINDOWS\System32\OpenSSH\;C:\Program Files\Microsoft VS Code\bin;C:\ProgramData\chocolatey\bin;C:\Program Files\php-8.2.1-Win32-vs16-x64;C:\Users\Siddh\AppData\Local\nvm;C:\nvm4w\nodejs;C:\Program Files\Git\cmd;C:\Program Files\PuTTY\;C:\Program Files\nodejs\;C:\Program Files\MySQL\MySQL Shell 8.4\bin\;C:\Users\Siddh\AppData\Local\Android\Sdk\platform-tools;C:\Users\Siddh\AppData\Local\Android\Sdk\tools;C:\Users\Siddh\AppData\Local\Microsoft\WindowsApps;C:\Program Files\MongoDB\Server\6.0\bin;C:\Users\Siddh\AppData\Local\Programs\mongosh\;C:\Users\Siddh\AppData\Local\GitHubDesktop\bin;C:\Users\Siddh\AppData\Local\Microsoft\WindowsApps;C:\Users\Siddh\AppData\Roaming\npm;C:\Program Files\Java\;C:\Program Files\Java\jdk-17\bin;C:\Program Files\PowerShell\7\;C:\Program Files\MySQL\MySQL Shell 8.4\bin\;C:\WINDOWS\system32;C:\WINDOWS;C:\WINDOWS\System32\Wbem;C:\WINDOWS\System32\WindowsPowerShell\v1.0\;C:\WINDOWS\System32\OpenSSH\;C:\Program Files\Microsoft VS Code\bin;C:\ProgramData\chocolatey\bin;C:\Program Files\Git\cmd;C:\Program Files\PuTTY\;C:\Program Files\php-8.2.1-Win32-vs16-x64;C:\Program Files\PowerShell\7\;C:\Users\Siddh\AppData\Local\Android\Sdk\platform-tools;C:\Users\Siddh\AppData\Local\Android\Sdk\tools;C:\Users\Siddh\AppData\Local\Microsoft\WindowsApps;C:\Program Files\MongoDB\Server\6.0\bin;C:\Users\Siddh\AppData\Local\Programs\mongosh\;C:\Users\Siddh\AppData\Local\GitHubDesktop\bin;C:\Users\Siddh\AppData\Local\nvm;C:\nvm4w\nodejs;C:\Users\Siddh\AppData\Local\Microsoft\WindowsApps;C:\Users\Siddh\AppData\Roaming\npm;
USERNAME=Siddh
LANG=en_US.UTF-8
OS=Windows_NT
PROCESSOR_IDENTIFIER=Intel64 Family 6 Model 165 Stepping 2, GenuineIntel



---------------  S Y S T E M  ---------------

OS:
 Windows 11 , 64 bit Build 26100 (10.0.26100.6725)
OS uptime: 13 days 20:36 hours
Hyper-V role detected

CPU: total 8 (initial active 8) (4 cores per cpu, 2 threads per core) family 6 model 165 stepping 2 microcode 0xf0, cx8, cmov, fxsr, ht, mmx, 3dnowpref, sse, sse2, sse3, ssse3, sse4.1, sse4.2, popcnt, lzcnt, tsc, tscinvbit, avx, avx2, aes, erms, clmul, bmi1, bmi2, adx, fma, vzeroupper, clflush, clflushopt, hv

Memory: 4k page, system-wide physical 16251M (1050M free)
TotalPageFile size 41251M (AvailPageFile size 5M)
current process WorkingSet (physical memory assigned to process): 13M, peak: 13M
current process commit charge ("private bytes"): 59M, peak: 123M

vm_info: Java HotSpot(TM) 64-Bit Server VM (17.0.16+12-LTS-247) for windows-amd64 JRE (17.0.16+12-LTS-247), built on Jun 27 2025 10:11:42 by "mach5one" with MS VC++ 17.6 (VS2022)

END.
